\BOOKMARK [1][-]{section.1}{\376\377\000I\000n\000t\000r\000o\000d\000u\000c\000t\000i\000o\000n}{}% 1
\BOOKMARK [1][-]{section.2}{\376\377\000R\000e\000l\000a\000t\000e\000d\000\040\000W\000o\000r\000k}{}% 2
\BOOKMARK [1][-]{section.3}{\376\377\000M\000o\000d\000e\000l\000\040\000A\000r\000c\000h\000i\000t\000e\000c\000t\000u\000r\000e}{}% 3
\BOOKMARK [2][-]{subsection.3.1}{\376\377\000H\000y\000b\000r\000i\000d\000\040\000b\000a\000c\000k\000b\000o\000n\000e}{section.3}% 4
\BOOKMARK [2][-]{subsection.3.2}{\376\377\000M\000a\000m\000b\000a\000-\0002\000\040\000S\000S\000D\000\040\000l\000a\000y\000e\000r}{section.3}% 5
\BOOKMARK [2][-]{subsection.3.3}{\376\377\000S\000e\000l\000f\000-\000a\000t\000t\000e\000n\000t\000i\000o\000n\000\040\000l\000a\000y\000e\000r}{section.3}% 6
\BOOKMARK [2][-]{subsection.3.4}{\376\377\000I\000n\000i\000t\000i\000a\000l\000i\000z\000a\000t\000i\000o\000n}{section.3}% 7
\BOOKMARK [1][-]{section.4}{\376\377\000H\000o\000m\000e\000o\000s\000t\000a\000t\000i\000c\000\040\000D\000r\000i\000v\000e\000-\000S\000i\000g\000n\000a\000l\000\040\000L\000a\000y\000e\000r}{}% 8
\BOOKMARK [2][-]{subsection.4.1}{\376\377\000I\000n\000t\000e\000r\000n\000a\000l\000\040\000s\000t\000a\000t\000e}{section.4}% 9
\BOOKMARK [2][-]{subsection.4.2}{\376\377\000S\000i\000g\000n\000a\000l\000s}{section.4}% 10
\BOOKMARK [2][-]{subsection.4.3}{\376\377\000I\000n\000j\000e\000c\000t\000i\000n\000g\000\040\000d\000r\000i\000v\000e\000\040\000s\000i\000g\000n\000a\000l\000s\000\040\000i\000n\000t\000o\000\040\000t\000r\000a\000i\000n\000i\000n\000g}{section.4}% 11
\BOOKMARK [1][-]{section.5}{\376\377\000T\000r\000a\000i\000n\000i\000n\000g\000\040\000P\000i\000p\000e\000l\000i\000n\000e}{}% 12
\BOOKMARK [2][-]{subsection.5.1}{\376\377\000D\000a\000t\000a}{section.5}% 13
\BOOKMARK [2][-]{subsection.5.2}{\376\377\000P\000r\000e\000t\000r\000a\000i\000n\000i\000n\000g}{section.5}% 14
\BOOKMARK [2][-]{subsection.5.3}{\376\377\000S\000F\000T}{section.5}% 15
\BOOKMARK [2][-]{subsection.5.4}{\376\377\000D\000P\000O}{section.5}% 16
\BOOKMARK [2][-]{subsection.5.5}{\376\377\000I\000n\000f\000e\000r\000e\000n\000c\000e}{section.5}% 17
\BOOKMARK [1][-]{section.6}{\376\377\000E\000x\000p\000e\000r\000i\000m\000e\000n\000t\000s}{}% 18
\BOOKMARK [2][-]{subsection.6.1}{\376\377\000S\000e\000t\000u\000p}{section.6}% 19
\BOOKMARK [2][-]{subsection.6.2}{\376\377\000P\000r\000e\000t\000r\000a\000i\000n\000i\000n\000g\000:\000\040\000b\000a\000s\000e\000l\000i\000n\000e\000\040\000v\000e\000r\000s\000u\000s\000\040\000d\000r\000i\000v\000e\000-\000e\000n\000a\000b\000l\000e\000d}{section.6}% 20
\BOOKMARK [2][-]{subsection.6.3}{\376\377\000D\000y\000n\000a\000m\000i\000c\000s\000\040\000o\000f\000\040\000t\000h\000e\000\040\000d\000r\000i\000v\000e\000\040\000s\000i\000g\000n\000a\000l\000s}{section.6}% 21
\BOOKMARK [2][-]{subsection.6.4}{\376\377\000S\000F\000T\000,\000\040\000D\000P\000O\000,\000\040\000a\000n\000d\000\040\000g\000e\000n\000e\000r\000a\000t\000i\000o\000n}{section.6}% 22
\BOOKMARK [1][-]{section.7}{\376\377\000D\000i\000s\000c\000u\000s\000s\000i\000o\000n\000\040\000a\000n\000d\000\040\000L\000i\000m\000i\000t\000a\000t\000i\000o\000n\000s}{}% 23
\BOOKMARK [1][-]{section.8}{\376\377\000C\000o\000n\000c\000l\000u\000s\000i\000o\000n}{}% 24
