This is pdfTeX, Version 3.141592653-2.6-1.40.22 (TeX Live 2022/dev/Debian) (preloaded format=pdflatex)
 restricted \write18 enabled.
entering extended mode
(./paper.tex
LaTeX2e <2021-11-15> patch level 1
L3 programming layer <2022-01-21>
(/usr/share/texlive/texmf-dist/tex/latex/base/article.cls
Document Class: article 2021/10/04 v1.4n Standard LaTeX document class
(/usr/share/texlive/texmf-dist/tex/latex/base/size11.clo))
(/usr/share/texlive/texmf-dist/tex/latex/base/inputenc.sty)
(/usr/share/texlive/texmf-dist/tex/latex/base/fontenc.sty)
(/usr/share/texlive/texmf-dist/tex/latex/geometry/geometry.sty
(/usr/share/texlive/texmf-dist/tex/latex/graphics/keyval.sty)
(/usr/share/texlive/texmf-dist/tex/generic/iftex/ifvtex.sty
(/usr/share/texlive/texmf-dist/tex/generic/iftex/iftex.sty)))
(/usr/share/texlive/texmf-dist/tex/latex/amsmath/amsmath.sty
For additional information on amsmath, use the `?' option.
(/usr/share/texlive/texmf-dist/tex/latex/amsmath/amstext.sty
(/usr/share/texlive/texmf-dist/tex/latex/amsmath/amsgen.sty))
(/usr/share/texlive/texmf-dist/tex/latex/amsmath/amsbsy.sty)
(/usr/share/texlive/texmf-dist/tex/latex/amsmath/amsopn.sty))
(/usr/share/texlive/texmf-dist/tex/latex/amsfonts/amssymb.sty
(/usr/share/texlive/texmf-dist/tex/latex/amsfonts/amsfonts.sty))
(/usr/share/texlive/texmf-dist/tex/latex/graphics/graphicx.sty
(/usr/share/texlive/texmf-dist/tex/latex/graphics/graphics.sty
(/usr/share/texlive/texmf-dist/tex/latex/graphics/trig.sty)
(/usr/share/texlive/texmf-dist/tex/latex/graphics-cfg/graphics.cfg)
(/usr/share/texlive/texmf-dist/tex/latex/graphics-def/pdftex.def)))
(/usr/share/texlive/texmf-dist/tex/latex/booktabs/booktabs.sty)
(/usr/share/texlive/texmf-dist/tex/latex/multirow/multirow.sty)
(/usr/share/texlive/texmf-dist/tex/latex/hyperref/hyperref.sty
(/usr/share/texlive/texmf-dist/tex/generic/ltxcmds/ltxcmds.sty)
(/usr/share/texlive/texmf-dist/tex/generic/pdftexcmds/pdftexcmds.sty
(/usr/share/texlive/texmf-dist/tex/generic/infwarerr/infwarerr.sty))
(/usr/share/texlive/texmf-dist/tex/generic/kvsetkeys/kvsetkeys.sty)
(/usr/share/texlive/texmf-dist/tex/generic/kvdefinekeys/kvdefinekeys.sty)
(/usr/share/texlive/texmf-dist/tex/generic/pdfescape/pdfescape.sty)
(/usr/share/texlive/texmf-dist/tex/latex/hycolor/hycolor.sty)
(/usr/share/texlive/texmf-dist/tex/latex/letltxmacro/letltxmacro.sty)
(/usr/share/texlive/texmf-dist/tex/latex/auxhook/auxhook.sty)
(/usr/share/texlive/texmf-dist/tex/latex/kvoptions/kvoptions.sty)
(/usr/share/texlive/texmf-dist/tex/latex/hyperref/pd1enc.def)
(/usr/share/texlive/texmf-dist/tex/latex/hyperref/hyperref-langpatches.def)
(/usr/share/texlive/texmf-dist/tex/generic/intcalc/intcalc.sty)
(/usr/share/texlive/texmf-dist/tex/generic/etexcmds/etexcmds.sty)
(/usr/share/texlive/texmf-dist/tex/latex/hyperref/puenc.def)
(/usr/share/texlive/texmf-dist/tex/latex/url/url.sty)
(/usr/share/texlive/texmf-dist/tex/generic/bitset/bitset.sty
(/usr/share/texlive/texmf-dist/tex/generic/bigintcalc/bigintcalc.sty))
(/usr/share/texlive/texmf-dist/tex/latex/base/atbegshi-ltx.sty))
(/usr/share/texlive/texmf-dist/tex/latex/hyperref/hpdftex.def
(/usr/share/texlive/texmf-dist/tex/latex/base/atveryend-ltx.sty)
(/usr/share/texlive/texmf-dist/tex/latex/rerunfilecheck/rerunfilecheck.sty
(/usr/share/texlive/texmf-dist/tex/generic/uniquecounter/uniquecounter.sty)))
(/usr/share/texlive/texmf-dist/tex/latex/caption/caption.sty
(/usr/share/texlive/texmf-dist/tex/latex/caption/caption3.sty))
(/usr/share/texlive/texmf-dist/tex/latex/l3backend/l3backend-pdftex.def)
(./paper.aux)
*geometry* driver: auto-detecting
*geometry* detected driver: pdftex
(/usr/share/texlive/texmf-dist/tex/context/base/mkii/supp-pdf.mkii
[Loading MPS to PDF converter (version 2006.09.02).]
) (/usr/share/texlive/texmf-dist/tex/latex/epstopdf-pkg/epstopdf-base.sty
(/usr/share/texlive/texmf-dist/tex/latex/latexconfig/epstopdf-sys.cfg))
(/usr/share/texlive/texmf-dist/tex/latex/graphics/color.sty
(/usr/share/texlive/texmf-dist/tex/latex/graphics-cfg/color.cfg))
(/usr/share/texlive/texmf-dist/tex/latex/hyperref/nameref.sty
(/usr/share/texlive/texmf-dist/tex/latex/refcount/refcount.sty)
(/usr/share/texlive/texmf-dist/tex/generic/gettitlestring/gettitlestring.sty))
(./paper.out) (./paper.out)
(/usr/share/texlive/texmf-dist/tex/latex/amsfonts/umsa.fd)
(/usr/share/texlive/texmf-dist/tex/latex/amsfonts/umsb.fd)
(/usr/share/texlive/texmf-dist/tex/latex/base/t1cmtt.fd)

LaTeX Warning: Citation `selfimp' on page 1 undefined on input line 54.


LaTeX Warning: Citation `selfplay' on page 1 undefined on input line 54.


LaTeX Warning: Reference `sec:model' on page 1 undefined on input line 65.


LaTeX Warning: Reference `sec:drives' on page 1 undefined on input line 66.


LaTeX Warning: Reference `sec:pipeline' on page 1 undefined on input line 72.

[1{/var/lib/texmf/fonts/map/pdftex/updmap/pdftex.map}]

LaTeX Warning: Reference `sec:experiments' on page 2 undefined on input line 75
.


LaTeX Warning: Citation `selfimp' on page 2 undefined on input line 81.


LaTeX Warning: Citation `mamba2' on page 2 undefined on input line 88.


LaTeX Warning: Citation `dpo' on page 2 undefined on input line 95.


LaTeX Warning: Citation `selfplay' on page 2 undefined on input line 100.


LaTeX Warning: Citation `selfimp' on page 2 undefined on input line 100.

[2] [3]
Overfull \hbox (15.73137pt too wide) in paragraph at lines 221--224
\T1/cmr/m/n/10.95 Raw UTF-8 text is to-k-enized once with the GPT-2 BPE to-k-en
izer (\T1/cmtt/m/n/10.95 tiktoken\T1/cmr/m/n/10.95 ), split into train/validati
on
[4] (./experiments.tex

LaTeX Warning: Reference `sec:drives' on page 5 undefined on input line 14.


LaTeX Warning: Reference `fig:loss' on page 5 undefined on input line 17.


LaTeX Warning: Reference `fig:val' on page 5 undefined on input line 37.


LaTeX Warning: Reference `fig:drives' on page 5 undefined on input line 47.

[5]) [6 <./figs/loss_curve.png>] [7 <./figs/val_compare.png>] [8 <./figs/drive_
signals.png>] (./paper.aux)
kpathsea: Running mktexpk --mfmode / --bdpi 600 --mag 1+0/600 --dpi 600 ectt1095

(/usr/share/texlive/texmf-dist/fonts/source/jknappen/ec/exmligtb.mf
 Ok) ) ) )
Font metrics written on ectt1095.tfm.
Output written on ectt1095.600gf (256 characters, 47796 bytes).
Transcript written on ectt1095.log.
] [122])4] [185] [186] [187] [188])[254] [255])mktexpk: /home/user/.texlive2021/texmf-var/fonts/pk/ljfour/jknappen/ec/ectt1095.600pk: successfully generated.

kpathsea: Running mktexpk --mfmode / --bdpi 600 --mag 1+0/600 --dpi 600 ecbx1200
ve changed. Rerun to get cross-references right.


Package rerunfilecheck Warning: File `paper.out' has changed.
(rerunfilecheck)                Rerun to get outlines right
(rerunfilecheck)                or use package `bookmark'.

 )
(see the transcript file for additional information) </home/user/.texlive2021/t
exmf-var/fonts/pk/ljfour/jknappen/ec/ectt1095.600pk>
(/usr/share/texlive/texmf-dist/fonts/source/jknappen/ec/exrligtb.mf
 Ok) ) ) )
Font metrics written on ecbx1200.tfm.
Output written on ecbx1200.600gf (256 characters, 59220 bytes).
Transcript written on ecbx1200.log.
] [122])4] [185] [186] [187] [188])[254] [255])mktexpk: /home/user/.texlive2021/texmf-var/fonts/pk/ljfour/jknappen/ec/ecbx1200.600pk: successfully generated.

kpathsea: Running mktexpk --mfmode / --bdpi 600 --mag 1+0/600 --dpi 600 tcrm1095

(/usr/share/texlive/texmf-dist/fonts/source/jknappen/ec/txrfract.mf
 Ok [188] [189] [190]) ) ) )
(some charht values had to be adjusted by as much as 0.06952pt)
Font metrics written on tcrm1095.tfm.
Output written on tcrm1095.600gf (128 characters, 25592 bytes).
Transcript written on tcrm1095.log.
] [139] [140] [141] [142] [143] [144] [145] [146] [147] [148] [149]
[150] [151] [152] [153] [154] [155] [156] [157] [158] [159] [160] [161]
[162] [163] [164] [165] [166] [167] [168] [169] [171] [172] [173] [174]
[175] [177] [176] [180] [181] [182] [183] [184] [187] [191] [214] [246])mktexpk: /home/user/.texlive2021/texmf-var/fonts/pk/ljfour/jknappen/ec/tcrm1095.600pk: successfully generated.

kpathsea: Running mktexpk --mfmode / --bdpi 600 --mag 1+0/600 --dpi 600 ecti1095

(/usr/share/texlive/texmf-dist/fonts/source/jknappen/ec/exiligtb.mf
 Ok) ) ) )
(some charht values had to be adjusted by as much as 0.06808pt)
Font metrics written on ecti1095.tfm.
Output written on ecti1095.600gf (256 characters, 57920 bytes).
Transcript written on ecti1095.log.
mktexpk: /home/user/.texlive2021/texmf-var/fonts/pk/ljfour/jknappen/ec/ecti1095.600pk: successfully generated.

kpathsea: Running mktexpk --mfmode / --bdpi 600 --mag 1+0/600 --dpi 600 ecbx1095

(/usr/share/texlive/texmf-dist/fonts/source/jknappen/ec/exrligtb.mf
 Ok) ) ) )
Font metrics written on ecbx1095.tfm.
Output written on ecbx1095.600gf (256 characters, 54848 bytes).
Transcript written on ecbx1095.log.
] [122])4] [185] [186] [187] [188])[254] [255])mktexpk: /home/user/.texlive2021/texmf-var/fonts/pk/ljfour/jknappen/ec/ecbx1095.600pk: successfully generated.

kpathsea: Running mktexpk --mfmode / --bdpi 600 --mag 1+0/600 --dpi 600 ecrm1095

(/usr/share/texlive/texmf-dist/fonts/source/jknappen/ec/exrligtb.mf
 Ok) ) ) )
(some charht values had to be adjusted by as much as 0.07599pt)
Font metrics written on ecrm1095.tfm.
Output written on ecrm1095.600gf (256 characters, 55424 bytes).
Transcript written on ecrm1095.log.
mktexpk: /home/user/.texlive2021/texmf-var/fonts/pk/ljfour/jknappen/ec/ecrm1095.600pk: successfully generated.

kpathsea: Running mktexpk --mfmode / --bdpi 600 --mag 1+0/600 --dpi 600 ecbx1440

(/usr/share/texlive/texmf-dist/fonts/source/jknappen/ec/exrligtb.mf
 Ok) ) ) )
(some charht values had to be adjusted by as much as 0.10997pt)
Font metrics written on ecbx1440.tfm.
Output written on ecbx1440.600gf (256 characters, 70764 bytes).
Transcript written on ecbx1440.log.
mktexpk: /home/user/.texlive2021/texmf-var/fonts/pk/ljfour/jknappen/ec/ecbx1440.600pk: successfully generated.

kpathsea: Running mktexpk --mfmode / --bdpi 600 --mag 1+0/600 --dpi 600 ecti1000

(/usr/share/texlive/texmf-dist/fonts/source/jknappen/ec/exiligtb.mf
 Ok) ) ) )
Font metrics written on ecti1000.tfm.
Output written on ecti1000.600gf (256 characters, 53420 bytes).
Transcript written on ecti1000.log.
] [122])3] [154] [155] [156] [157])[222] [223])mktexpk: /home/user/.texlive2021/texmf-var/fonts/pk/ljfour/jknappen/ec/ecti1000.600pk: successfully generated.

kpathsea: Running mktexpk --mfmode / --bdpi 600 --mag 1+0/600 --dpi 600 ecbx1000

(/usr/share/texlive/texmf-dist/fonts/source/jknappen/ec/exrligtb.mf
 Ok) ) ) )
Font metrics written on ecbx1000.tfm.
Output written on ecbx1000.600gf (256 characters, 49864 bytes).
Transcript written on ecbx1000.log.
] [122])4] [185] [186] [187] [188])[254] [255])mktexpk: /home/user/.texlive2021/texmf-var/fonts/pk/ljfour/jknappen/ec/ecbx1000.600pk: successfully generated.

kpathsea: Running mktexpk --mfmode / --bdpi 600 --mag 1+0/600 --dpi 600 ecrm1000

(/usr/share/texlive/texmf-dist/fonts/source/jknappen/ec/exrligtb.mf
 Ok) ) ) )
(some charht values had to be adjusted by as much as 0.06586pt)
Font metrics written on ecrm1000.tfm.
Output written on ecrm1000.600gf (256 characters, 51184 bytes).
Transcript written on ecrm1000.log.
mktexpk: /home/user/.texlive2021/texmf-var/fonts/pk/ljfour/jknappen/ec/ecrm1000.600pk: successfully generated.

kpathsea: Running mktexpk --mfmode / --bdpi 600 --mag 1+0/600 --dpi 600 ectt1200

(/usr/share/texlive/texmf-dist/fonts/source/jknappen/ec/exmligtb.mf
 Ok) ) ) )
Font metrics written on ectt1200.tfm.
Output written on ectt1200.600gf (256 characters, 51736 bytes).
Transcript written on ectt1200.log.
] [122])4] [185] [186] [187] [188])[254] [255])mktexpk: /home/user/.texlive2021/texmf-var/fonts/pk/ljfour/jknappen/ec/ectt1200.600pk: successfully generated.

kpathsea: Running mktexpk --mfmode / --bdpi 600 --mag 1+0/600 --dpi 600 ecrm1200

(/usr/share/texlive/texmf-dist/fonts/source/jknappen/ec/exrligtb.mf
 Ok) ) ) )
(some charht values had to be adjusted by as much as 0.07143pt)
Font metrics written on ecrm1200.tfm.
Output written on ecrm1200.600gf (256 characters, 60320 bytes).
Transcript written on ecrm1200.log.
mktexpk: /home/user/.texlive2021/texmf-var/fonts/pk/ljfour/jknappen/ec/ecrm1200.600pk: successfully generated.

kpathsea: Running mktexpk --mfmode / --bdpi 600 --mag 1+0/600 --dpi 600 ecbx1728

(/usr/share/texlive/texmf-dist/fonts/source/jknappen/ec/exrligtb.mf
 Ok) ) ) )
(some charht values had to be adjusted by as much as 0.13197pt)
Font metrics written on ecbx1728.tfm.
Output written on ecbx1728.600gf (256 characters, 84848 bytes).
Transcript written on ecbx1728.log.
mktexpk: /home/user/.texlive2021/texmf-var/fonts/pk/ljfour/jknappen/ec/ecbx1728.600pk: successfully generated.
</usr/share/texlive/texmf-dist/fonts/type1/public/amsfonts/symbols/msbm10.
pfb>
Output written on paper.pdf (8 pages, 394840 bytes).
Transcript written on paper.log.
